Date/Time:       2026-02-19 16:42:26 
Command line:    C:\Users\Home\AppData\Local\Programs\Python\Python313\Scripts\briefcase new

OS Release:      Windows 11
OS Version:      10.0.26200
Architecture:    AMD64
Platform:        Windows-11-10.0.26200-SP0

Python exe:      C:\Users\Home\AppData\Local\Programs\Python\Python313\python.exe
Python version:  3.13.1 (tags/v3.13.1:0671451, Dec  3 2024, 19:06:28) [MSC v.1942 64 bit (AMD64)]
Virtual env:     False
Conda env:       False

Briefcase:       0.3.26
Target platform: all
Target format:   

Environment Variables:
	ALLUSERSPROFILE=C:\ProgramData
	APPDATA=C:\Users\Home\AppData\Roaming
	COMMONPROGRAMFILES=C:\Program Files\Common Files
	COMMONPROGRAMFILES(X86)=C:\Program Files (x86)\Common Files
	COMMONPROGRAMW6432=C:\Program Files\Common Files
	COMPUTERNAME=HOMSO
	COMSPEC=C:\WINDOWS\system32\cmd.exe
	DRIVERDATA=C:\Windows\System32\Drivers\DriverData
	EFC_8696_1262719628=1
	EFC_8696_1592913036=1
	EFC_8696_2283032206=1
	EFC_8696_2775293581=1
	EFC_8696_344590478=1
	EFC_8696_3789132940=1
	FPS_BROWSER_APP_PROFILE_STRING=Internet Explorer
	FPS_BROWSER_USER_PROFILE_STRING=Default
	HOMEDRIVE=C:
	HOMEPATH=\Users\Home
	LOCALAPPDATA=C:\Users\Home\AppData\Local
	LOGONSERVER=\\HOMSO
	MOZ_PLUGIN_PATH=C:\Program Files (x86)\Foxit Software\Foxit Reader\plugins\
	NUMBER_OF_PROCESSORS=16
	ONEDRIVE=C:\Users\Home\OneDrive
	ONEDRIVECONSUMER=C:\Users\Home\OneDrive
	OS=Windows_NT
	PATH=C:\Program Files (x86)\Common Files\Oracle\Java\java8path;C:\Program Files (x86)\Common Files\Oracle\Java\javapath;C:\WINDOWS\system32;C:\WINDOWS;C:\WINDOWS\System32\Wbem;C:\WINDOWS\System32\WindowsPowerShell\v1.0\;C:\WINDOWS\System32\OpenSSH\;C:\Program Files\NVIDIA Corporation\NVIDIA App\NvDLISR;C:\Program Files (x86)\NVIDIA Corporation\PhysX\Common;C:\Program Files\dotnet\;C:\Program Files\PowerShell\7\;C:\Program Files\PowerShell\7-preview\preview;C:\Program Files\PyManager\;C:\Users\Home\AppData\Local\Programs\Python\Python313\Scripts\;C:\Users\Home\AppData\Local\Programs\Python\Python313\;C:\Users\Home\AppData\Local\Programs\Python\Launcher\;C:\Users\Home\AppData\Local\Microsoft\WindowsApps;;D:\Seelen UI;C:\Users\Home\AppData\Local\Python\bin;D:\PyCharm 2025.3.2\bin
	PATHEXT=.COM;.EXE;.BAT;.CMD;.VBS;.VBE;.JS;.JSE;.WSF;.WSH;.MSC
	POWERSHELL_DISTRIBUTION_CHANNEL=MSI:Windows 10 Home Single Language
	PROCESSOR_ARCHITECTURE=AMD64
	PROCESSOR_IDENTIFIER=AMD64 Family 25 Model 33 Stepping 2, AuthenticAMD
	PROCESSOR_LEVEL=25
	PROCESSOR_REVISION=2102
	PROGRAMDATA=C:\ProgramData
	PROGRAMFILES=C:\Program Files
	PROGRAMFILES(X86)=C:\Program Files (x86)
	PROGRAMW6432=C:\Program Files
	PROMPT=$P$G
	PSMODULEPATH=C:\Program Files\WindowsPowerShell\Modules;C:\WINDOWS\system32\WindowsPowerShell\v1.0\Modules
	PUBLIC=C:\Users\Public
	PYCHARM=D:\PyCharm 2025.3.2\bin
	SESSIONNAME=Console
	SYSTEMDRIVE=C:
	SYSTEMROOT=C:\WINDOWS
	TEMP=C:\Users\Home\AppData\Local\Temp
	TMP=C:\Users\Home\AppData\Local\Temp
	USERDOMAIN=HOMSO
	USERDOMAIN_ROAMINGPROFILE=HOMSO
	USERNAME=Home
	USERPROFILE=C:\Users\Home
	WINDIR=C:\WINDOWS

pyproject.toml:
[Errno 2] No such file or directory: 'C:\\Users\\Home\\Desktop\\Telkko\\pyproject.toml'

Briefcase Log:
[16:42:26]                                                                                                                                                            __main__.py:42
           Briefcase requires git, but it is not installed (or is not on your PATH). Visit:                                                                           __main__.py:43
                                                                                                                                                                      __main__.py:43
               https://git-scm.com/                                                                                                                                   __main__.py:43
                                                                                                                                                                      __main__.py:43
           to download and install git manually.                                                                                                                      __main__.py:43
                                                                                                                                                                      __main__.py:43
           If you have installed git recently and are still getting this error, you may                                                                               __main__.py:43
           need to restart your terminal session.                                                                                                                     __main__.py:43
           Saving log... started                                                                                                                                      console.py:443

Main thread traceback:
╭─────────────────────────────────────────────────────────────────────── Traceback (most recent call last) ────────────────────────────────────────────────────────────────────────╮
│ C:\Users\Home\AppData\Local\Programs\Python\Python313\Lib\site-packages\git\__init__.py:296 in <module>                                                                          │
│                                                                                                                                                                                  │
│   293                                                                                                                                                                            │
│   294                                                                                                                                                                            │
│   295 try:                                                                                                                                                                       │
│ ❱ 296 │   refresh()                                                                                                                                                              │
│   297 except Exception as _exc:                                                                                                                                                  │
│   298 │   raise ImportError("Failed to initialize: {0}".format(_exc)) from _exc                                                                                                  │
│   299                                                                                                                                                                            │
│                                                                                                                                                                                  │
│ ╭───────────────────────────────────────────────────────────────────────── locals ──────────────────────────────────────────────────────────────────────────╮                    │
│ │           cmd = <module 'git.cmd' from 'C:\\Users\\Home\\AppData\\Local\\Programs\\Python\\Python313\\Lib\\site-packages\\git\\cmd.py'>                   │                    │
│ │        compat = <module 'git.compat' from 'C:\\Users\\Home\\AppData\\Local\\Programs\\Python\\Python313\\Lib\\site-packages\\git\\compat.py'>             │                    │
│ │        config = <module 'git.config' from 'C:\\Users\\Home\\AppData\\Local\\Programs\\Python\\Python313\\Lib\\site-packages\\git\\config.py'>             │                    │
│ │            db = <module 'git.db' from 'C:\\Users\\Home\\AppData\\Local\\Programs\\Python\\Python313\\Lib\\site-packages\\git\\db.py'>                     │                    │
│ │          diff = <module 'git.diff' from 'C:\\Users\\Home\\AppData\\Local\\Programs\\Python\\Python313\\Lib\\site-packages\\git\\diff.py'>                 │                    │
│ │           exc = <module 'git.exc' from 'C:\\Users\\Home\\AppData\\Local\\Programs\\Python\\Python313\\Lib\\site-packages\\git\\exc.py'>                   │                    │
│ │        GIT_OK = False                                                                                                                                     │                    │
│ │         INDEX = <DiffConstants.INDEX: 2>                                                                                                                  │                    │
│ │         index = <module 'git.index' from 'C:\\Users\\Home\\AppData\\Local\\Programs\\Python\\Python313\\Lib\\site-packages\\git\\index\\__init__.py'>     │                    │
│ │          List = typing.List                                                                                                                               │                    │
│ │     NULL_TREE = <DiffConstants.NULL_TREE: 1>                                                                                                              │                    │
│ │       objects = <module 'git.objects' from 'C:\\Users\\Home\\AppData\\Local\\Programs\\Python\\Python313\\Lib\\site-packages\\git\\objects\\__init__.py'> │                    │
│ │      Optional = typing.Optional                                                                                                                           │                    │
│ │      PathLike = typing.Union[str, ForwardRef('os.PathLike[str]')]                                                                                         │                    │
│ │          refs = <module 'git.refs' from 'C:\\Users\\Home\\AppData\\Local\\Programs\\Python\\Python313\\Lib\\site-packages\\git\\refs\\__init__.py'>       │                    │
│ │        remote = <module 'git.remote' from 'C:\\Users\\Home\\AppData\\Local\\Programs\\Python\\Python313\\Lib\\site-packages\\git\\remote.py'>             │                    │
│ │          repo = <module 'git.repo' from 'C:\\Users\\Home\\AppData\\Local\\Programs\\Python\\Python313\\Lib\\site-packages\\git\\repo\\__init__.py'>       │                    │
│ │      Sequence = typing.Sequence                                                                                                                           │                    │
│ │         Tuple = typing.Tuple                                                                                                                              │                    │
│ │ TYPE_CHECKING = False                                                                                                                                     │                    │
│ │         types = <module 'git.types' from 'C:\\Users\\Home\\AppData\\Local\\Programs\\Python\\Python313\\Lib\\site-packages\\git\\types.py'>               │                    │
│ │         Union = typing.Union                                                                                                                              │                    │
│ │      warnings = <module 'warnings' from 'C:\\Users\\Home\\AppData\\Local\\Programs\\Python\\Python313\\Lib\\warnings.py'>                                 │                    │
│ ╰───────────────────────────────────────────────────────────────────────────────────────────────────────────────────────────────────────────────────────────╯                    │
│                                                                                                                                                                                  │
│ C:\Users\Home\AppData\Local\Programs\Python\Python313\Lib\site-packages\git\__init__.py:287 in refresh                                                                           │
│                                                                                                                                                                                  │
│   284 │   global GIT_OK                                                                        ╭── locals ───╮                                                                   │
│   285 │   GIT_OK = False                                                                       │ path = None │                                                                   │
│   286 │                                                                                        ╰─────────────╯                                                                   │
│ ❱ 287 │   if not Git.refresh(path=path):                                                                                                                                         │
│   288 │   │   return                                                                                                                                                             │
│   289 │   if not FetchInfo.refresh():  # noqa: F405                                                                                                                              │
│   290 │   │   return  # type: ignore[unreachable]                                                                                                                                │
│                                                                                                                                                                                  │
│ C:\Users\Home\AppData\Local\Programs\Python\Python313\Lib\site-packages\git\cmd.py:860 in refresh                                                                                │
│                                                                                                                                                                                  │
│    857 │   │   │   │   │   if mode in warn:                                                                                                                                      │
│    858 │   │   │   │   │   │   _logger.critical(err)                                                                                                                             │
│    859 │   │   │   │   │   else:                                                                                                                                                 │
│ ❱  860 │   │   │   │   │   │   raise ImportError(err)                                                                                                                            │
│    861 │   │   │   │   else:                                                                                                                                                     │
│    862 │   │   │   │   │   err = dedent(                                                                                                                                         │
│    863 │   │   │   │   │   │   """\                                                                                                                                              │
│                                                                                                                                                                                  │
│ ╭────────────────────────────────────────────────── locals ───────────────────────────────────────────────────╮                                                                  │
│ │               err = 'Bad git executable.\nThe git executable must be specified in one of the following'+633 │                                                                  │
│ │             error = ['error', 'e', 'exception', 'raise', 'r', '2']                                          │                                                                  │
│ │           has_git = False                                                                                   │                                                                  │
│ │              mode = 'raise'                                                                                 │                                                                  │
│ │           new_git = 'git'                                                                                   │                                                                  │
│ │           old_git = None                                                                                    │                                                                  │
│ │ old_refresh_token = <object object at 0x000002386DA71D40>                                                   │                                                                  │
│ │              path = None                                                                                    │                                                                  │
│ │             quiet = ['quiet', 'q', 'silence', 's', 'silent', 'none', 'n', '0']                              │                                                                  │
│ │              warn = ['warn', 'w', 'warning', 'log', 'l', '1']                                               │                                                                  │
│ ╰─────────────────────────────────────────────────────────────────────────────────────────────────────────────╯                                                                  │
╰──────────────────────────────────────────────────────────────────────────────────────────────────────────────────────────────────────────────────────────────────────────────────╯
ImportError: Bad git executable.
The git executable must be specified in one of the following ways:
    - be included in your $PATH
    - be set via $GIT_PYTHON_GIT_EXECUTABLE
    - explicitly set via git.refresh(<full-path-to-git-executable>)

All git commands will error until this is rectified.

This initial message can be silenced or aggravated in the future by setting the
$GIT_PYTHON_REFRESH environment variable. Use one of the following values:
    - quiet|q|silence|s|silent|none|n|0: for no message or exception
    - warn|w|warning|log|l|1: for a warning message (logging level CRITICAL, displayed by default)
    - error|e|exception|raise|r|2: for a raised exception

Example:
    export GIT_PYTHON_REFRESH=quiet


The above exception was the direct cause of the following exception:

╭─────────────────────────────────────────────────────────────────────── Traceback (most recent call last) ────────────────────────────────────────────────────────────────────────╮
│ C:\Users\Home\AppData\Local\Programs\Python\Python313\Lib\site-packages\briefcase\integrations\git.py:40 in verify_install                                                       │
│                                                                                                                                                                                  │
│   37 │   │                                                                                    ╭─────────────────────────────────── locals ────────────────────────────────────╮  │
│   38 │   │   # Check whether the git executable could be imported.                            │ kwargs = {'app': None}                                                        │  │
│   39 │   │   try:                                                                             │  tools = <briefcase.integrations.base.ToolCache object at 0x00000238717A2CF0> │  │
│ ❱ 40 │   │   │   import git                                                                   ╰───────────────────────────────────────────────────────────────────────────────╯  │
│   41 │   │   except ImportError as e:  # pragma: no cover                                                                                                                        │
│   42 │   │   │   # macOS provides git as part of the Xcode command line tools,                                                                                                   │
│   43 │   │   │   # and also hijacks /usr/bin/git with a trigger that prompts the                                                                                                 │
│                                                                                                                                                                                  │
│ C:\Users\Home\AppData\Local\Programs\Python\Python313\Lib\site-packages\git\__init__.py:298 in <module>                                                                          │
│                                                                                                                                                                                  │
│   295 try:                                                                                                                                                                       │
│   296 │   refresh()                                                                                                                                                              │
│   297 except Exception as _exc:                                                                                                                                                  │
│ ❱ 298 │   raise ImportError("Failed to initialize: {0}".format(_exc)) from _exc                                                                                                  │
│   299                                                                                                                                                                            │
│   300 # } END initialize git executable path                                                                                                                                     │
│   301                                                                                                                                                                            │
│                                                                                                                                                                                  │
│ ╭───────────────────────────────────────────────────────────────────────── locals ──────────────────────────────────────────────────────────────────────────╮                    │
│ │           cmd = <module 'git.cmd' from 'C:\\Users\\Home\\AppData\\Local\\Programs\\Python\\Python313\\Lib\\site-packages\\git\\cmd.py'>                   │                    │
│ │        compat = <module 'git.compat' from 'C:\\Users\\Home\\AppData\\Local\\Programs\\Python\\Python313\\Lib\\site-packages\\git\\compat.py'>             │                    │
│ │        config = <module 'git.config' from 'C:\\Users\\Home\\AppData\\Local\\Programs\\Python\\Python313\\Lib\\site-packages\\git\\config.py'>             │                    │
│ │            db = <module 'git.db' from 'C:\\Users\\Home\\AppData\\Local\\Programs\\Python\\Python313\\Lib\\site-packages\\git\\db.py'>                     │                    │
│ │          diff = <module 'git.diff' from 'C:\\Users\\Home\\AppData\\Local\\Programs\\Python\\Python313\\Lib\\site-packages\\git\\diff.py'>                 │                    │
│ │           exc = <module 'git.exc' from 'C:\\Users\\Home\\AppData\\Local\\Programs\\Python\\Python313\\Lib\\site-packages\\git\\exc.py'>                   │                    │
│ │        GIT_OK = False                                                                                                                                     │                    │
│ │         INDEX = <DiffConstants.INDEX: 2>                                                                                                                  │                    │
│ │         index = <module 'git.index' from 'C:\\Users\\Home\\AppData\\Local\\Programs\\Python\\Python313\\Lib\\site-packages\\git\\index\\__init__.py'>     │                    │
│ │          List = typing.List                                                                                                                               │                    │
│ │     NULL_TREE = <DiffConstants.NULL_TREE: 1>                                                                                                              │                    │
│ │       objects = <module 'git.objects' from 'C:\\Users\\Home\\AppData\\Local\\Programs\\Python\\Python313\\Lib\\site-packages\\git\\objects\\__init__.py'> │                    │
│ │      Optional = typing.Optional                                                                                                                           │                    │
│ │      PathLike = typing.Union[str, ForwardRef('os.PathLike[str]')]                                                                                         │                    │
│ │          refs = <module 'git.refs' from 'C:\\Users\\Home\\AppData\\Local\\Programs\\Python\\Python313\\Lib\\site-packages\\git\\refs\\__init__.py'>       │                    │
│ │        remote = <module 'git.remote' from 'C:\\Users\\Home\\AppData\\Local\\Programs\\Python\\Python313\\Lib\\site-packages\\git\\remote.py'>             │                    │
│ │          repo = <module 'git.repo' from 'C:\\Users\\Home\\AppData\\Local\\Programs\\Python\\Python313\\Lib\\site-packages\\git\\repo\\__init__.py'>       │                    │
│ │      Sequence = typing.Sequence                                                                                                                           │                    │
│ │         Tuple = typing.Tuple                                                                                                                              │                    │
│ │ TYPE_CHECKING = False                                                                                                                                     │                    │
│ │         types = <module 'git.types' from 'C:\\Users\\Home\\AppData\\Local\\Programs\\Python\\Python313\\Lib\\site-packages\\git\\types.py'>               │                    │
│ │         Union = typing.Union                                                                                                                              │                    │
│ │      warnings = <module 'warnings' from 'C:\\Users\\Home\\AppData\\Local\\Programs\\Python\\Python313\\Lib\\warnings.py'>                                 │                    │
│ ╰───────────────────────────────────────────────────────────────────────────────────────────────────────────────────────────────────────────────────────────╯                    │
╰──────────────────────────────────────────────────────────────────────────────────────────────────────────────────────────────────────────────────────────────────────────────────╯
ImportError: Failed to initialize: Bad git executable.
The git executable must be specified in one of the following ways:
    - be included in your $PATH
    - be set via $GIT_PYTHON_GIT_EXECUTABLE
    - explicitly set via git.refresh(<full-path-to-git-executable>)

All git commands will error until this is rectified.

This initial message can be silenced or aggravated in the future by setting the
$GIT_PYTHON_REFRESH environment variable. Use one of the following values:
    - quiet|q|silence|s|silent|none|n|0: for no message or exception
    - warn|w|warning|log|l|1: for a warning message (logging level CRITICAL, displayed by default)
    - error|e|exception|raise|r|2: for a raised exception

Example:
    export GIT_PYTHON_REFRESH=quiet


The above exception was the direct cause of the following exception:

╭─────────────────────────────────────────────────────────────────────── Traceback (most recent call last) ────────────────────────────────────────────────────────────────────────╮
│ C:\Users\Home\AppData\Local\Programs\Python\Python313\Lib\site-packages\briefcase\__main__.py:27 in main                                                                         │
│                                                                                                                                                                                  │
│   24 │   │   │   Path.cwd() / "pyproject.toml",                                                                                                                                  │
│   25 │   │   │   overrides=overrides,                                                                                                                                            │
│   26 │   │   )                                                                                                                                                                   │
│ ❱ 27 │   │   command(**options)                                                                                                                                                  │
│   28 │   except HelpText as e:                                                                                                                                                   │
│   29 │   │   console.info()                                                                                                                                                      │
│   30 │   │   console.info(str(e))                                                                                                                                                │
│                                                                                                                                                                                  │
│ ╭─────────────────────────────────────────────────────────────────────────────────── locals ───────────────────────────────────────────────────────────────────────────────────╮ │
│ │       command = <briefcase.commands.new.NewCommand object at 0x00000238717A2270>                                                                                             │ │
│ │       console = <briefcase.console.Console object at 0x000002386E3602F0>                                                                                                     │ │
│ │             e = BriefcaseCommandError('Briefcase requires git, but it is not installed (or is not on your PATH). Visit:\n\n    https://git-scm.com/\n\nto download and       │ │
│ │                 install git manually.\n\nIf you have installed git recently and are still getting this error, you may\nneed to restart your terminal session.\n')            │ │
│ │ extra_cmdline = []                                                                                                                                                           │ │
│ │       options = {'template': None, 'template_branch': None, 'project_overrides': None}                                                                                       │ │
│ │     overrides = {}                                                                                                                                                           │ │
│ │        result = 200                                                                                                                                                          │ │
│ ╰──────────────────────────────────────────────────────────────────────────────────────────────────────────────────────────────────────────────────────────────────────────────╯ │
│                                                                                                                                                                                  │
│ C:\Users\Home\AppData\Local\Programs\Python\Python313\Lib\site-packages\briefcase\commands\new.py:609 in __call__                                                                │
│                                                                                                                                                                                  │
│   606 │   ):                                                                                                                                                                     │
│   607 │   │   # Confirm host compatibility, and that all required tools are available.                                                                                           │
│   608 │   │   # There are no apps, so finalize() will be a no op on app configurations.                                                                                          │
│ ❱ 609 │   │   self.finalize()                                                                                                                                                    │
│   610 │   │                                                                                                                                                                      │
│   611 │   │   return self.new_app(                                                                                                                                               │
│   612 │   │   │   template=template,                                                                                                                                             │
│                                                                                                                                                                                  │
│ ╭─────────────────────────────────────── locals ───────────────────────────────────────╮                                                                                         │
│ │           options = {}                                                               │                                                                                         │
│ │ project_overrides = None                                                             │                                                                                         │
│ │              self = <briefcase.commands.new.NewCommand object at 0x00000238717A2270> │                                                                                         │
│ │          template = None                                                             │                                                                                         │
│ │   template_branch = None                                                             │                                                                                         │
│ ╰──────────────────────────────────────────────────────────────────────────────────────╯                                                                                         │
│                                                                                                                                                                                  │
│ C:\Users\Home\AppData\Local\Programs\Python\Python313\Lib\site-packages\briefcase\commands\base.py:719 in finalize                                                               │
│                                                                                                                                                                                  │
│    716 │   │   :param debugger_port: The port to use for the debugger                                                                                                            │
│    717 │   │   """                                                                                                                                                               │
│    718 │   │   self.verify_host()                                                                                                                                                │
│ ❱  719 │   │   self.verify_tools()                                                                                                                                               │
│    720 │   │                                                                                                                                                                     │
│    721 │   │   apps = self.apps.values() if app is None else [app]                                                                                                               │
│    722 │   │   for app in apps:                                                                                                                                                  │
│                                                                                                                                                                                  │
│ ╭───────────────────────────────────── locals ─────────────────────────────────────╮                                                                                             │
│ │           app = None                                                             │                                                                                             │
│ │      debugger = None                                                             │                                                                                             │
│ │ debugger_host = None                                                             │                                                                                             │
│ │ debugger_port = None                                                             │                                                                                             │
│ │          self = <briefcase.commands.new.NewCommand object at 0x00000238717A2270> │                                                                                             │
│ │     test_mode = False                                                            │                                                                                             │
│ ╰──────────────────────────────────────────────────────────────────────────────────╯                                                                                             │
│                                                                                                                                                                                  │
│ C:\Users\Home\AppData\Local\Programs\Python\Python313\Lib\site-packages\briefcase\commands\new.py:598 in verify_tools                                                            │
│                                                                                                                                                                                  │
│   595 │   │   Raises MissingToolException if a required system tool is missing.                ╭──────────────────────────────── locals ─────────────────────────────────╮       │
│   596 │   │   """                                                                              │ self = <briefcase.commands.new.NewCommand object at 0x00000238717A2270> │       │
│   597 │   │   super().verify_tools()                                                           ╰─────────────────────────────────────────────────────────────────────────╯       │
│ ❱ 598 │   │   Git.verify(tools=self.tools)                                                                                                                                       │
│   599 │                                                                                                                                                                          │
│   600 │   def __call__(                                                                                                                                                          │
│   601 │   │   self,                                                                                                                                                              │
│                                                                                                                                                                                  │
│ C:\Users\Home\AppData\Local\Programs\Python\Python313\Lib\site-packages\briefcase\integrations\base.py:79 in verify                                                              │
│                                                                                                                                                                                  │
│    76 │   ) -> ToolT:                                                                          ╭─────────────────────────────────── locals ────────────────────────────────────╮ │
│    77 │   │   """Confirm the tool is available and usable on the host platform."""             │    app = None                                                                 │ │
│    78 │   │   cls.verify_host(tools=tools)                                                     │ kwargs = {}                                                                   │ │
│ ❱  79 │   │   tool = cls.verify_install(tools=tools, app=app, **kwargs)                        │  tools = <briefcase.integrations.base.ToolCache object at 0x00000238717A2CF0> │ │
│    80 │   │   return tool                                                                      ╰───────────────────────────────────────────────────────────────────────────────╯ │
│    81 │                                                                                                                                                                          │
│    82 │   @classmethod                                                                                                                                                           │
│                                                                                                                                                                                  │
│ C:\Users\Home\AppData\Local\Programs\Python\Python313\Lib\site-packages\briefcase\integrations\git.py:65 in verify_install                                                       │
│                                                                                                                                                                                  │
│   62 │   │   │   │   ) from e                                                                 ╭─────────────────────────────────── locals ────────────────────────────────────╮  │
│   63 │   │   │                                                                                │ kwargs = {'app': None}                                                        │  │
│   64 │   │   │   else:                                                                        │  tools = <briefcase.integrations.base.ToolCache object at 0x00000238717A2CF0> │  │
│ ❱ 65 │   │   │   │   raise BriefcaseCommandError(                                             ╰───────────────────────────────────────────────────────────────────────────────╯  │
│   66 │   │   │   │   │   f"""\                                                                                                                                                   │
│   67 Briefcase requires git, but it is not installed (or is not on your PATH). Visit:                                                                                            │
│   68                                                                                                                                                                             │
╰──────────────────────────────────────────────────────────────────────────────────────────────────────────────────────────────────────────────────────────────────────────────────╯
BriefcaseCommandError: Briefcase requires git, but it is not installed (or is not on your PATH). Visit:

    https://git-scm.com/

to download and install git manually.

If you have installed git recently and are still getting this error, you may
need to restart your terminal session.

